Could not find the file: /Users/zzt/self-study/cs61c/su20-proj3/tests/part_b/custom/inputs/slt.s
